../Core/Src/main.c:90:5:main	16	static
../Core/Src/main.c:303:6:SystemClock_Config	88	static
../Core/Src/main.c:350:13:MX_ADC1_Init	24	static
../Core/Src/main.c:402:13:MX_SPI1_Init	8	static
../Core/Src/main.c:440:13:MX_TIM2_Init	32	static
../Core/Src/main.c:485:13:MX_USART2_Init	8	static
../Core/Src/main.c:519:13:MX_GPIO_Init	40	static
../Core/Src/main.c:551:7:HAL_TIM_PeriodElapsedCallback	16	static
../Core/Src/main.c:570:7:display_send	16	static
../Core/Src/main.c:583:6:Error_Handler	4	static,ignoring_inline_asm
